[09/03/2025 21:44:19 INFO]: 
_________________________________________________

[09/03/2025 21:44:19 INFO]: transfer_learn_net.py main() running.
[09/03/2025 21:44:19 INFO]: model:
  name: ft_transformer
  d_embedding: 256
  model_path: null
  use_mlp_head: false
  freeze_feature_extractor: false
  token_bias: true
  n_layers: 4
  n_heads: 16
  d_ffn_factor: 1.901677404625367
  attention_dropout: 0.2710149845959008
  ffn_dropout: 0.07563207850262278
  residual_dropout: 0.0
  activation: reglu
  prenormalization: true
  initialization: kaiming
  kv_compression: null
  kv_compression_sharing: null
dataset:
  name: ic_upstream3_Imputation_Mean_exp_100_1
  source: local
  task: regression
  normalization: quantile
  normalizer_path: ../../../data/ic_upstream3_Imputation_Mean_exp_100_1/normalizer.pkl
  stage: pretrain
  y_policy: mean_std
hyp:
  epochs: 200
  lr: 0.0007858509487441314
  lr_decay: step
  lr_factor: 0.1
  lr_schedule:
  - 40
  - 80
  optimizer: adam
  patience: 30
  save_period: 100000000.0
  seed: 0
  test_batch_size: 256
  train_batch_size: 256
  use_patience: true
  val_period: 10
  warmup_period: 5
  weight_decay: 0.0002
  momentum: 0.9
  warmup_type: linear
  head_warmup_period: 10
  head_lr: 0.001
train_log: train_log
name: transfer-learning-experiment
run_id: boneless-Kentrell

[09/03/2025 21:44:19 INFO]: Building Dataset
[09/03/2025 21:44:19 INFO]: pre normalizer.fit

[09/03/2025 21:44:19 INFO]: pos normalizer.fit

[09/03/2025 21:44:20 INFO]: Task: regression, Dataset: ic_upstream3_Imputation_Mean_exp_100_1, n_numerical: 165, n_categorical: 0, n_classes: 1, n_train_samples: 282, n_val_samples: 66, n_test_samples: 87
[09/03/2025 21:44:21 INFO]: This ft_transformer has 2.640 million parameters.
[09/03/2025 21:44:21 INFO]: Training will start at epoch 0.
[09/03/2025 21:44:48 INFO]: ==> Starting training for 200 epochs...
[09/03/2025 21:46:25 INFO]: Training loss at epoch 0: 1.0679330229759216
[09/03/2025 21:46:38 INFO]: New best epoch, val score: -0.9663962127930956
[09/03/2025 21:46:38 INFO]: Saving model to: model_best.pth
[09/03/2025 21:48:14 INFO]: Training loss at epoch 1: 1.772813320159912
[09/03/2025 21:50:03 INFO]: Training loss at epoch 2: 1.1381883025169373
[09/03/2025 21:50:16 INFO]: New best epoch, val score: -0.9428134888726538
[09/03/2025 21:50:16 INFO]: Saving model to: model_best.pth
[09/03/2025 21:51:52 INFO]: Training loss at epoch 3: 1.2891461849212646
[09/03/2025 21:53:40 INFO]: Training loss at epoch 4: 0.8567036986351013
[09/03/2025 21:54:44 INFO]: 
_________________________________________________

[09/03/2025 21:54:44 INFO]: transfer_learn_net.py main() running.
[09/03/2025 21:54:44 INFO]: model:
  name: ft_transformer
  d_embedding: 256
  model_path: null
  use_mlp_head: false
  freeze_feature_extractor: false
  token_bias: true
  n_layers: 4
  n_heads: 16
  d_ffn_factor: 1.901677404625367
  attention_dropout: 0.2710149845959008
  ffn_dropout: 0.07563207850262278
  residual_dropout: 0.0
  activation: reglu
  prenormalization: true
  initialization: kaiming
  kv_compression: null
  kv_compression_sharing: null
dataset:
  name: ic_upstream3_Imputation_Mean_exp_100_1
  source: local
  task: regression
  normalization: quantile
  normalizer_path: ../../../data/ic_upstream3_Imputation_Mean_exp_100_1/normalizer.pkl
  stage: pretrain
  y_policy: mean_std
hyp:
  epochs: 200
  lr: 0.0007858509487441314
  lr_decay: step
  lr_factor: 0.1
  lr_schedule:
  - 40
  - 80
  optimizer: adam
  patience: 30
  save_period: 100000000.0
  seed: 0
  test_batch_size: 256
  train_batch_size: 256
  use_patience: true
  val_period: 10
  warmup_period: 5
  weight_decay: 0.0002
  momentum: 0.9
  warmup_type: linear
  head_warmup_period: 10
  head_lr: 0.001
train_log: train_log
name: transfer-learning-experiment
run_id: squiffy-Kenosha

[09/03/2025 21:54:44 INFO]: Building Dataset
[09/03/2025 21:54:44 INFO]: pre normalizer.fit

[09/03/2025 21:54:44 INFO]: pos normalizer.fit

[09/03/2025 21:54:44 INFO]: Task: regression, Dataset: ic_upstream3_Imputation_Mean_exp_100_1, n_numerical: 165, n_categorical: 0, n_classes: 1, n_train_samples: 282, n_val_samples: 66, n_test_samples: 87
[09/03/2025 21:54:44 INFO]: This ft_transformer has 2.640 million parameters.
[09/03/2025 21:54:44 INFO]: Training will start at epoch 0.
[09/03/2025 21:54:46 INFO]: ==> Starting training for 200 epochs...
[09/03/2025 21:55:29 INFO]: Training loss at epoch 5: 1.171610951423645
[09/03/2025 21:56:22 INFO]: Training loss at epoch 0: 1.0679330229759216
[09/03/2025 21:56:35 INFO]: New best epoch, val score: -0.9663962127930956
[09/03/2025 21:56:35 INFO]: Saving model to: model_best.pth
[09/03/2025 21:57:18 INFO]: Training loss at epoch 6: 1.2660964727401733
[09/03/2025 21:58:11 INFO]: Training loss at epoch 1: 1.772813320159912
[09/03/2025 21:59:06 INFO]: Training loss at epoch 7: 1.4412978291511536
[09/03/2025 22:00:00 INFO]: Training loss at epoch 2: 1.1381883025169373
[09/03/2025 22:00:14 INFO]: New best epoch, val score: -0.9428134888726538
[09/03/2025 22:00:14 INFO]: Saving model to: model_best.pth
[09/03/2025 22:00:54 INFO]: Training loss at epoch 8: 1.31094092130661
[09/03/2025 22:01:49 INFO]: Training loss at epoch 3: 1.2891461849212646
[09/03/2025 22:02:43 INFO]: Training loss at epoch 9: 1.2053195238113403
[09/03/2025 22:03:21 INFO]: Training accuracy: {
    "score": -1.0806478399693356,
    "rmse": 1.0806478399693356
}
[09/03/2025 22:03:21 INFO]: Val accuracy: {
    "score": -1.1337892016187077,
    "rmse": 1.1337892016187077
}
[09/03/2025 22:03:21 INFO]: Test accuracy: {
    "score": -1.0628935139881526,
    "rmse": 1.0628935139881526
}
[09/03/2025 22:03:39 INFO]: Training loss at epoch 4: 0.8567036986351013
[09/03/2025 22:05:10 INFO]: Training loss at epoch 10: 1.097381055355072
[09/03/2025 22:05:23 INFO]: New best epoch, val score: -0.9202623625127794
[09/03/2025 22:05:23 INFO]: Saving model to: model_best.pth
[09/03/2025 22:05:28 INFO]: Training loss at epoch 5: 1.171610951423645
[09/03/2025 22:07:00 INFO]: Training loss at epoch 11: 0.9909815490245819
[09/03/2025 22:07:16 INFO]: Training loss at epoch 6: 1.2660964727401733
[09/03/2025 22:08:49 INFO]: Training loss at epoch 12: 1.399931252002716
[09/03/2025 22:09:05 INFO]: Training loss at epoch 7: 1.4412978291511536
[09/03/2025 22:10:38 INFO]: Training loss at epoch 13: 1.2256413698196411
[09/03/2025 22:10:54 INFO]: Training loss at epoch 8: 1.31094092130661
[09/03/2025 22:12:27 INFO]: Training loss at epoch 14: 1.2670238614082336
[09/03/2025 22:12:43 INFO]: Training loss at epoch 9: 1.2053195238113403
[09/03/2025 22:13:20 INFO]: Training accuracy: {
    "score": -1.0806478399693356,
    "rmse": 1.0806478399693356
}
[09/03/2025 22:13:20 INFO]: Val accuracy: {
    "score": -1.1337892016187077,
    "rmse": 1.1337892016187077
}
[09/03/2025 22:13:20 INFO]: Test accuracy: {
    "score": -1.0628935139881526,
    "rmse": 1.0628935139881526
}
[09/03/2025 22:14:16 INFO]: Training loss at epoch 15: 0.9583544135093689
[09/03/2025 22:15:09 INFO]: Training loss at epoch 10: 1.097381055355072
[09/03/2025 22:15:22 INFO]: New best epoch, val score: -0.9202623625127794
[09/03/2025 22:15:22 INFO]: Saving model to: model_best.pth
[09/03/2025 22:16:04 INFO]: Training loss at epoch 16: 1.1511154770851135
[09/03/2025 22:16:58 INFO]: Training loss at epoch 11: 0.9909815490245819
[09/03/2025 22:17:53 INFO]: Training loss at epoch 17: 1.067481517791748
[09/03/2025 22:18:46 INFO]: Training loss at epoch 12: 1.399931252002716
[09/03/2025 22:19:42 INFO]: Training loss at epoch 18: 1.0034886598587036
[09/03/2025 22:20:35 INFO]: Training loss at epoch 13: 1.2256413698196411
[09/03/2025 22:21:31 INFO]: Training loss at epoch 19: 1.110744833946228
[09/03/2025 22:22:08 INFO]: Training accuracy: {
    "score": -0.9940669490543153,
    "rmse": 0.9940669490543153
}
[09/03/2025 22:22:08 INFO]: Val accuracy: {
    "score": -1.0005599404865138,
    "rmse": 1.0005599404865138
}
[09/03/2025 22:22:08 INFO]: Test accuracy: {
    "score": -0.9460547753791246,
    "rmse": 0.9460547753791246
}
[09/03/2025 22:22:23 INFO]: Training loss at epoch 14: 1.2670238614082336
[09/03/2025 22:23:57 INFO]: Training loss at epoch 20: 0.9932460486888885
[09/03/2025 22:24:12 INFO]: Training loss at epoch 15: 0.9583544135093689
[09/03/2025 22:25:46 INFO]: Training loss at epoch 21: 0.8746654093265533
[09/03/2025 22:26:02 INFO]: Training loss at epoch 16: 1.1511154770851135
[09/03/2025 22:27:34 INFO]: Training loss at epoch 22: 1.2812698781490326
[09/03/2025 22:27:47 INFO]: New best epoch, val score: -0.9163089010432635
[09/03/2025 22:27:47 INFO]: Saving model to: model_best.pth
[09/03/2025 22:27:51 INFO]: Training loss at epoch 17: 1.067481517791748
[09/03/2025 22:29:23 INFO]: Training loss at epoch 23: 1.0170855224132538
[09/03/2025 22:29:40 INFO]: Training loss at epoch 18: 1.0034886598587036
[09/03/2025 22:31:12 INFO]: Training loss at epoch 24: 0.8790059685707092
[09/03/2025 22:31:29 INFO]: Training loss at epoch 19: 1.110744833946228
[09/03/2025 22:32:07 INFO]: Training accuracy: {
    "score": -0.9940669490543153,
    "rmse": 0.9940669490543153
}
[09/03/2025 22:32:07 INFO]: Val accuracy: {
    "score": -1.0005599404865138,
    "rmse": 1.0005599404865138
}
[09/03/2025 22:32:07 INFO]: Test accuracy: {
    "score": -0.9460547753791246,
    "rmse": 0.9460547753791246
}
[09/03/2025 22:33:01 INFO]: Training loss at epoch 25: 0.8319051563739777
[09/03/2025 22:33:55 INFO]: Training loss at epoch 20: 0.9932460486888885
[09/03/2025 22:34:49 INFO]: Training loss at epoch 26: 0.9533938467502594
[09/03/2025 22:35:44 INFO]: Training loss at epoch 21: 0.8746654093265533
[09/03/2025 22:36:38 INFO]: Training loss at epoch 27: 0.9628293514251709
[09/03/2025 22:37:32 INFO]: Training loss at epoch 22: 1.2812698781490326
[09/03/2025 22:37:45 INFO]: New best epoch, val score: -0.9163089010432635
[09/03/2025 22:37:45 INFO]: Saving model to: model_best.pth
[09/03/2025 22:38:27 INFO]: Training loss at epoch 28: 0.8340535759925842
[09/03/2025 22:39:21 INFO]: Training loss at epoch 23: 1.0170855224132538
[09/03/2025 22:40:16 INFO]: Training loss at epoch 29: 0.8054807484149933
[09/03/2025 22:40:53 INFO]: Training accuracy: {
    "score": -0.9360391690601926,
    "rmse": 0.9360391690601926
}
[09/03/2025 22:40:53 INFO]: Val accuracy: {
    "score": -0.909558787679623,
    "rmse": 0.909558787679623
}
[09/03/2025 22:40:53 INFO]: Test accuracy: {
    "score": -0.8658310015941787,
    "rmse": 0.8658310015941787
}
[09/03/2025 22:41:06 INFO]: New best epoch, val score: -0.909558787679623
[09/03/2025 22:41:06 INFO]: Saving model to: model_best.pth
[09/03/2025 22:41:10 INFO]: Training loss at epoch 24: 0.8790059685707092
[09/03/2025 22:42:42 INFO]: Training loss at epoch 30: 1.0216958820819855
[09/03/2025 22:42:56 INFO]: New best epoch, val score: -0.8988063546368356
[09/03/2025 22:42:56 INFO]: Saving model to: model_best.pth
[09/03/2025 22:42:58 INFO]: Training loss at epoch 25: 0.8319051563739777
[09/03/2025 22:44:32 INFO]: Training loss at epoch 31: 0.9963406026363373
[09/03/2025 22:44:45 INFO]: New best epoch, val score: -0.8944210631191641
[09/03/2025 22:44:45 INFO]: Saving model to: model_best.pth
[09/03/2025 22:44:47 INFO]: Training loss at epoch 26: 0.9533938467502594
[09/03/2025 22:46:21 INFO]: Training loss at epoch 32: 0.9400978684425354
[09/03/2025 22:46:36 INFO]: Training loss at epoch 27: 0.9628293514251709
[09/03/2025 22:48:09 INFO]: Training loss at epoch 33: 0.8009787201881409
[09/03/2025 22:48:24 INFO]: Training loss at epoch 28: 0.8340535759925842
[09/03/2025 22:49:57 INFO]: Training loss at epoch 34: 0.7196409404277802
[09/03/2025 22:50:11 INFO]: New best epoch, val score: -0.8765453487138731
[09/03/2025 22:50:11 INFO]: Saving model to: model_best.pth
[09/03/2025 22:50:12 INFO]: Training loss at epoch 29: 0.8054807484149933
[09/03/2025 22:50:50 INFO]: Training accuracy: {
    "score": -0.9360391690601926,
    "rmse": 0.9360391690601926
}
[09/03/2025 22:50:50 INFO]: Val accuracy: {
    "score": -0.909558787679623,
    "rmse": 0.909558787679623
}
[09/03/2025 22:50:50 INFO]: Test accuracy: {
    "score": -0.8658310015941787,
    "rmse": 0.8658310015941787
}
[09/03/2025 22:51:03 INFO]: New best epoch, val score: -0.909558787679623
[09/03/2025 22:51:03 INFO]: Saving model to: model_best.pth
[09/03/2025 22:51:47 INFO]: Training loss at epoch 35: 0.8407780528068542
[09/03/2025 22:52:00 INFO]: New best epoch, val score: -0.85367940955941
[09/03/2025 22:52:00 INFO]: Saving model to: model_best.pth
[09/03/2025 22:52:39 INFO]: Training loss at epoch 30: 1.0216958820819855
[09/03/2025 22:52:52 INFO]: New best epoch, val score: -0.8988063546368356
[09/03/2025 22:52:52 INFO]: Saving model to: model_best.pth
[09/03/2025 22:53:38 INFO]: Training loss at epoch 36: 0.6096506416797638
[09/03/2025 22:53:52 INFO]: New best epoch, val score: -0.8414197787568772
[09/03/2025 22:53:52 INFO]: Saving model to: model_best.pth
[09/03/2025 22:54:28 INFO]: Training loss at epoch 31: 0.9963406026363373
[09/03/2025 22:54:41 INFO]: New best epoch, val score: -0.8944210631191641
[09/03/2025 22:54:41 INFO]: Saving model to: model_best.pth
[09/03/2025 22:55:27 INFO]: Training loss at epoch 37: 0.6928490400314331
[09/03/2025 22:55:40 INFO]: New best epoch, val score: -0.8404591235366332
[09/03/2025 22:55:40 INFO]: Saving model to: model_best.pth
[09/03/2025 22:56:17 INFO]: Training loss at epoch 32: 0.9400978684425354
[09/03/2025 22:57:16 INFO]: Training loss at epoch 38: 0.7196897566318512
[09/03/2025 22:58:06 INFO]: Training loss at epoch 33: 0.8009787201881409
[09/03/2025 22:59:04 INFO]: Training loss at epoch 39: 0.5230593681335449
[09/03/2025 22:59:42 INFO]: Training accuracy: {
    "score": -0.7873008854137317,
    "rmse": 0.7873008854137317
}
[09/03/2025 22:59:42 INFO]: Val accuracy: {
    "score": -0.8991554737028536,
    "rmse": 0.8991554737028536
}
[09/03/2025 22:59:42 INFO]: Test accuracy: {
    "score": -0.7995066540774824,
    "rmse": 0.7995066540774824
}
[09/03/2025 22:59:54 INFO]: Training loss at epoch 34: 0.7196409404277802
[09/03/2025 23:00:07 INFO]: New best epoch, val score: -0.8765453487138731
[09/03/2025 23:00:07 INFO]: Saving model to: model_best.pth
[09/03/2025 23:01:30 INFO]: Training loss at epoch 40: 0.5916373431682587
[09/03/2025 23:01:42 INFO]: Training loss at epoch 35: 0.8407780528068542
[09/03/2025 23:01:56 INFO]: New best epoch, val score: -0.85367940955941
[09/03/2025 23:01:56 INFO]: Saving model to: model_best.pth
[09/03/2025 23:03:19 INFO]: Training loss at epoch 41: 0.6721965968608856
[09/03/2025 23:03:32 INFO]: New best epoch, val score: -0.8263374716776613
[09/03/2025 23:03:32 INFO]: Saving model to: model_best.pth
[09/03/2025 23:03:32 INFO]: Training loss at epoch 36: 0.6096506416797638
[09/03/2025 23:03:46 INFO]: New best epoch, val score: -0.8414197787568772
[09/03/2025 23:03:46 INFO]: Saving model to: model_best.pth
[09/03/2025 23:05:08 INFO]: Training loss at epoch 42: 0.6834186017513275
[09/03/2025 23:05:21 INFO]: Training loss at epoch 37: 0.6928490400314331
[09/03/2025 23:05:34 INFO]: New best epoch, val score: -0.8404591235366332
[09/03/2025 23:05:34 INFO]: Saving model to: model_best.pth
[09/03/2025 23:06:56 INFO]: Training loss at epoch 43: 0.4963690787553787
[09/03/2025 23:07:10 INFO]: Training loss at epoch 38: 0.7196897566318512
[09/03/2025 23:08:45 INFO]: Training loss at epoch 44: 0.6272881627082825
[09/03/2025 23:08:58 INFO]: New best epoch, val score: -0.7816067523868742
[09/03/2025 23:08:58 INFO]: Saving model to: model_best.pth
[09/03/2025 23:08:59 INFO]: Training loss at epoch 39: 0.5230593681335449
[09/03/2025 23:09:37 INFO]: Training accuracy: {
    "score": -0.7873008854137317,
    "rmse": 0.7873008854137317
}
[09/03/2025 23:09:37 INFO]: Val accuracy: {
    "score": -0.8991554737028536,
    "rmse": 0.8991554737028536
}
[09/03/2025 23:09:37 INFO]: Test accuracy: {
    "score": -0.7995066540774824,
    "rmse": 0.7995066540774824
}
[09/03/2025 23:10:35 INFO]: Training loss at epoch 45: 0.7095351815223694
[09/03/2025 23:10:48 INFO]: New best epoch, val score: -0.7747764382986888
[09/03/2025 23:10:48 INFO]: Saving model to: model_best.pth
[09/03/2025 23:11:26 INFO]: Training loss at epoch 40: 0.5916373431682587
[09/03/2025 23:12:23 INFO]: Training loss at epoch 46: 0.6450353860855103
[09/03/2025 23:13:15 INFO]: Training loss at epoch 41: 0.6721965968608856
[09/03/2025 23:13:28 INFO]: New best epoch, val score: -0.8263374716776613
[09/03/2025 23:13:28 INFO]: Saving model to: model_best.pth
[09/03/2025 23:14:11 INFO]: Training loss at epoch 47: 0.5158578753471375
[09/03/2025 23:15:03 INFO]: Training loss at epoch 42: 0.6834186017513275
[09/03/2025 23:16:00 INFO]: Training loss at epoch 48: 0.4518699496984482
[09/03/2025 23:16:13 INFO]: New best epoch, val score: -0.7547480507211332
[09/03/2025 23:16:13 INFO]: Saving model to: model_best.pth
[09/03/2025 23:16:52 INFO]: Training loss at epoch 43: 0.4963690787553787
[09/03/2025 23:17:49 INFO]: Training loss at epoch 49: 0.44760382175445557
[09/03/2025 23:18:27 INFO]: Training accuracy: {
    "score": -0.7009429208914206,
    "rmse": 0.7009429208914206
}
[09/03/2025 23:18:27 INFO]: Val accuracy: {
    "score": -0.7520179689402693,
    "rmse": 0.7520179689402693
}
[09/03/2025 23:18:27 INFO]: Test accuracy: {
    "score": -0.7395956036325892,
    "rmse": 0.7395956036325892
}
[09/03/2025 23:18:40 INFO]: New best epoch, val score: -0.7520179689402693
[09/03/2025 23:18:40 INFO]: Saving model to: model_best.pth
[09/03/2025 23:18:41 INFO]: Training loss at epoch 44: 0.6272881627082825
[09/03/2025 23:18:54 INFO]: New best epoch, val score: -0.7816067523868742
[09/03/2025 23:18:54 INFO]: Saving model to: model_best.pth
[09/03/2025 23:20:15 INFO]: Training loss at epoch 50: 0.5198203921318054
[09/03/2025 23:20:30 INFO]: Training loss at epoch 45: 0.7095351815223694
[09/03/2025 23:20:43 INFO]: New best epoch, val score: -0.7747764382986888
[09/03/2025 23:20:43 INFO]: Saving model to: model_best.pth
[09/03/2025 23:22:03 INFO]: Training loss at epoch 51: 0.4839499592781067
[09/03/2025 23:22:18 INFO]: Training loss at epoch 46: 0.6450353860855103
[09/03/2025 23:23:52 INFO]: Training loss at epoch 52: 0.4234001338481903
[09/03/2025 23:24:07 INFO]: Training loss at epoch 47: 0.5158578753471375
[09/03/2025 23:25:41 INFO]: Training loss at epoch 53: 0.31766801327466965
[09/03/2025 23:25:56 INFO]: Training loss at epoch 48: 0.4518699496984482
[09/03/2025 23:26:09 INFO]: New best epoch, val score: -0.7547480507211332
[09/03/2025 23:26:09 INFO]: Saving model to: model_best.pth
[09/03/2025 23:27:29 INFO]: Training loss at epoch 54: 0.3646542876958847
[09/03/2025 23:27:45 INFO]: Training loss at epoch 49: 0.44760382175445557
[09/03/2025 23:28:23 INFO]: Training accuracy: {
    "score": -0.7009429208914206,
    "rmse": 0.7009429208914206
}
[09/03/2025 23:28:23 INFO]: Val accuracy: {
    "score": -0.7520179689402693,
    "rmse": 0.7520179689402693
}
[09/03/2025 23:28:23 INFO]: Test accuracy: {
    "score": -0.7395956036325892,
    "rmse": 0.7395956036325892
}
[09/03/2025 23:28:36 INFO]: New best epoch, val score: -0.7520179689402693
[09/03/2025 23:28:36 INFO]: Saving model to: model_best.pth
[09/03/2025 23:29:18 INFO]: Training loss at epoch 55: 0.33754076063632965
[09/03/2025 23:30:12 INFO]: Training loss at epoch 50: 0.5198203921318054
[09/03/2025 23:31:07 INFO]: Training loss at epoch 56: 0.3475843816995621
[09/03/2025 23:32:00 INFO]: Training loss at epoch 51: 0.4839499592781067
[09/03/2025 23:32:55 INFO]: Training loss at epoch 57: 0.3874983489513397
[09/03/2025 23:33:08 INFO]: New best epoch, val score: -0.7487591505051758
[09/03/2025 23:33:08 INFO]: Saving model to: model_best.pth
[09/03/2025 23:33:49 INFO]: Training loss at epoch 52: 0.4234001338481903
[09/03/2025 23:34:44 INFO]: Training loss at epoch 58: 0.26390818506479263
[09/03/2025 23:35:37 INFO]: Training loss at epoch 53: 0.31766801327466965
[09/03/2025 23:36:33 INFO]: Training loss at epoch 59: 0.36836689710617065
[09/03/2025 23:37:11 INFO]: Training accuracy: {
    "score": -0.5920612670090661,
    "rmse": 0.5920612670090661
}
[09/03/2025 23:37:11 INFO]: Val accuracy: {
    "score": -0.7360611788051701,
    "rmse": 0.7360611788051701
}
[09/03/2025 23:37:11 INFO]: Test accuracy: {
    "score": -0.6616484932010122,
    "rmse": 0.6616484932010122
}
[09/03/2025 23:37:24 INFO]: New best epoch, val score: -0.7360611788051701
[09/03/2025 23:37:24 INFO]: Saving model to: model_best.pth
[09/03/2025 23:37:26 INFO]: Training loss at epoch 54: 0.3646542876958847
[09/03/2025 23:39:00 INFO]: Training loss at epoch 60: 0.3404708355665207
[09/03/2025 23:39:13 INFO]: New best epoch, val score: -0.7259466575009296
[09/03/2025 23:39:13 INFO]: Saving model to: model_best.pth
[09/03/2025 23:39:15 INFO]: Training loss at epoch 55: 0.33754076063632965
[09/03/2025 23:40:48 INFO]: Training loss at epoch 61: 0.3458384722471237
[09/03/2025 23:41:03 INFO]: Training loss at epoch 56: 0.3475843816995621
[09/03/2025 23:42:36 INFO]: Training loss at epoch 62: 0.5354942977428436
[09/03/2025 23:42:52 INFO]: Training loss at epoch 57: 0.3874983489513397
[09/03/2025 23:43:06 INFO]: New best epoch, val score: -0.7487591505051758
[09/03/2025 23:43:06 INFO]: Saving model to: model_best.pth
[09/03/2025 23:44:25 INFO]: Training loss at epoch 63: 0.46278083324432373
[09/03/2025 23:44:42 INFO]: Training loss at epoch 58: 0.26390818506479263
[09/03/2025 23:46:14 INFO]: Training loss at epoch 64: 0.4146707355976105
[09/03/2025 23:46:30 INFO]: Training loss at epoch 59: 0.36836689710617065
[09/03/2025 23:47:08 INFO]: Training accuracy: {
    "score": -0.5920612670090661,
    "rmse": 0.5920612670090661
}
[09/03/2025 23:47:08 INFO]: Val accuracy: {
    "score": -0.7360611788051701,
    "rmse": 0.7360611788051701
}
[09/03/2025 23:47:08 INFO]: Test accuracy: {
    "score": -0.6616484932010122,
    "rmse": 0.6616484932010122
}
[09/03/2025 23:47:22 INFO]: New best epoch, val score: -0.7360611788051701
[09/03/2025 23:47:22 INFO]: Saving model to: model_best.pth
[09/03/2025 23:48:02 INFO]: Training loss at epoch 65: 0.6276278793811798
[09/03/2025 23:48:57 INFO]: Training loss at epoch 60: 0.3404708355665207
[09/03/2025 23:49:10 INFO]: New best epoch, val score: -0.7259466575009296
[09/03/2025 23:49:10 INFO]: Saving model to: model_best.pth
[09/03/2025 23:49:51 INFO]: Training loss at epoch 66: 0.4642285406589508
[09/03/2025 23:50:46 INFO]: Training loss at epoch 61: 0.3458384722471237
[09/03/2025 23:51:40 INFO]: Training loss at epoch 67: 0.5375092029571533
[09/03/2025 23:52:35 INFO]: Training loss at epoch 62: 0.5354942977428436
[09/03/2025 23:53:29 INFO]: Training loss at epoch 68: 0.4260852485895157
[09/03/2025 23:54:23 INFO]: Training loss at epoch 63: 0.46278083324432373
[09/03/2025 23:55:18 INFO]: Training loss at epoch 69: 0.443079873919487
[09/03/2025 23:55:56 INFO]: Training accuracy: {
    "score": -0.5924965837308249,
    "rmse": 0.5924965837308249
}
[09/03/2025 23:55:56 INFO]: Val accuracy: {
    "score": -0.7560201425435756,
    "rmse": 0.7560201425435756
}
[09/03/2025 23:55:56 INFO]: Test accuracy: {
    "score": -0.6596721023533721,
    "rmse": 0.6596721023533721
}
[09/03/2025 23:56:12 INFO]: Training loss at epoch 64: 0.4146707355976105
[09/03/2025 23:57:44 INFO]: Training loss at epoch 70: 0.41572892665863037
[09/03/2025 23:58:01 INFO]: Training loss at epoch 65: 0.6276278793811798
[09/03/2025 23:59:33 INFO]: Training loss at epoch 71: 0.3776278793811798
[09/03/2025 23:59:49 INFO]: Training loss at epoch 66: 0.4642285406589508
[09/04/2025 00:01:22 INFO]: Training loss at epoch 72: 0.3433913290500641
[09/04/2025 00:01:38 INFO]: Training loss at epoch 67: 0.5375092029571533
[09/04/2025 00:03:10 INFO]: Training loss at epoch 73: 0.43905918300151825
[09/04/2025 00:03:26 INFO]: Training loss at epoch 68: 0.4260852485895157
[09/04/2025 00:04:59 INFO]: Training loss at epoch 74: 0.42341288924217224
[09/04/2025 00:05:15 INFO]: Training loss at epoch 69: 0.443079873919487
[09/04/2025 00:05:53 INFO]: Training accuracy: {
    "score": -0.5924965837308249,
    "rmse": 0.5924965837308249
}
[09/04/2025 00:05:53 INFO]: Val accuracy: {
    "score": -0.7560201425435756,
    "rmse": 0.7560201425435756
}
[09/04/2025 00:05:53 INFO]: Test accuracy: {
    "score": -0.6596721023533721,
    "rmse": 0.6596721023533721
}
[09/04/2025 00:06:47 INFO]: Training loss at epoch 75: 0.43565012514591217
[09/04/2025 00:07:43 INFO]: Training loss at epoch 70: 0.41572892665863037
[09/04/2025 00:08:36 INFO]: Training loss at epoch 76: 0.2916850745677948
[09/04/2025 00:09:31 INFO]: Training loss at epoch 71: 0.3776278793811798
[09/04/2025 00:10:24 INFO]: Training loss at epoch 77: 0.24718356132507324
[09/04/2025 00:10:38 INFO]: New best epoch, val score: -0.7255047248526357
[09/04/2025 00:10:38 INFO]: Saving model to: model_best.pth
[09/04/2025 00:11:19 INFO]: Training loss at epoch 72: 0.3433913290500641
[09/04/2025 00:12:14 INFO]: Training loss at epoch 78: 0.3545636534690857
[09/04/2025 00:12:27 INFO]: New best epoch, val score: -0.7251829615365495
[09/04/2025 00:12:27 INFO]: Saving model to: model_best.pth
[09/04/2025 00:13:08 INFO]: Training loss at epoch 73: 0.43905918300151825
[09/04/2025 00:14:02 INFO]: Training loss at epoch 79: 0.2832680493593216
[09/04/2025 00:14:40 INFO]: Training accuracy: {
    "score": -0.5193309800553071,
    "rmse": 0.5193309800553071
}
[09/04/2025 00:14:40 INFO]: Val accuracy: {
    "score": -0.7371677481311556,
    "rmse": 0.7371677481311556
}
[09/04/2025 00:14:40 INFO]: Test accuracy: {
    "score": -0.6796905747818639,
    "rmse": 0.6796905747818639
}
[09/04/2025 00:14:56 INFO]: Training loss at epoch 74: 0.42341288924217224
[09/04/2025 00:16:28 INFO]: Training loss at epoch 80: 0.20616889372467995
[09/04/2025 00:16:45 INFO]: Training loss at epoch 75: 0.43565012514591217
[09/04/2025 00:18:17 INFO]: Training loss at epoch 81: 0.30937232077121735
[09/04/2025 00:18:34 INFO]: Training loss at epoch 76: 0.2916850745677948
[09/04/2025 00:20:06 INFO]: Training loss at epoch 82: 0.23614437878131866
[09/04/2025 00:20:23 INFO]: Training loss at epoch 77: 0.24718356132507324
[09/04/2025 00:20:37 INFO]: New best epoch, val score: -0.7255047248526357
[09/04/2025 00:20:37 INFO]: Saving model to: model_best.pth
[09/04/2025 00:21:54 INFO]: Training loss at epoch 83: 0.2534371092915535
[09/04/2025 00:22:12 INFO]: Training loss at epoch 78: 0.3545636534690857
[09/04/2025 00:22:25 INFO]: New best epoch, val score: -0.7251829615365495
[09/04/2025 00:22:25 INFO]: Saving model to: model_best.pth
[09/04/2025 00:23:43 INFO]: Training loss at epoch 84: 0.2597959414124489
[09/04/2025 00:24:02 INFO]: Training loss at epoch 79: 0.2832680493593216
[09/04/2025 00:24:39 INFO]: Training accuracy: {
    "score": -0.5193309800553071,
    "rmse": 0.5193309800553071
}
[09/04/2025 00:24:39 INFO]: Val accuracy: {
    "score": -0.7371677481311556,
    "rmse": 0.7371677481311556
}
[09/04/2025 00:24:39 INFO]: Test accuracy: {
    "score": -0.6796905747818639,
    "rmse": 0.6796905747818639
}
[09/04/2025 00:25:32 INFO]: Training loss at epoch 85: 0.24353726208209991
[09/04/2025 00:26:28 INFO]: Training loss at epoch 80: 0.20616889372467995
[09/04/2025 00:27:20 INFO]: Training loss at epoch 86: 0.26077237725257874
[09/04/2025 00:28:16 INFO]: Training loss at epoch 81: 0.30937232077121735
[09/04/2025 00:29:09 INFO]: Training loss at epoch 87: 0.32523465156555176
[09/04/2025 00:30:05 INFO]: Training loss at epoch 82: 0.23614437878131866
[09/04/2025 00:30:57 INFO]: Training loss at epoch 88: 0.22741501778364182
[09/04/2025 00:31:53 INFO]: Training loss at epoch 83: 0.2534371092915535
[09/04/2025 00:32:46 INFO]: Training loss at epoch 89: 0.21490423381328583
[09/04/2025 00:33:24 INFO]: Training accuracy: {
    "score": -0.48852072923213585,
    "rmse": 0.48852072923213585
}
[09/04/2025 00:33:24 INFO]: Val accuracy: {
    "score": -0.732210577209915,
    "rmse": 0.732210577209915
}
[09/04/2025 00:33:24 INFO]: Test accuracy: {
    "score": -0.6757963408194375,
    "rmse": 0.6757963408194375
}
[09/04/2025 00:33:42 INFO]: Training loss at epoch 84: 0.2597959414124489
[09/04/2025 00:35:13 INFO]: Training loss at epoch 90: 0.22538072615861893
[09/04/2025 00:35:31 INFO]: Training loss at epoch 85: 0.24353726208209991
[09/04/2025 00:37:01 INFO]: Training loss at epoch 91: 0.22012854367494583
[09/04/2025 00:37:19 INFO]: Training loss at epoch 86: 0.26077237725257874
[09/04/2025 00:38:49 INFO]: Training loss at epoch 92: 0.2891834229230881
[09/04/2025 00:39:07 INFO]: Training loss at epoch 87: 0.32523465156555176
[09/04/2025 00:40:38 INFO]: Training loss at epoch 93: 0.22257611900568008
[09/04/2025 00:40:56 INFO]: Training loss at epoch 88: 0.22741501778364182
[09/04/2025 00:42:27 INFO]: Training loss at epoch 94: 0.2316083014011383
[09/04/2025 00:42:44 INFO]: Training loss at epoch 89: 0.21490423381328583
[09/04/2025 00:43:22 INFO]: Training accuracy: {
    "score": -0.48852072923213585,
    "rmse": 0.48852072923213585
}
[09/04/2025 00:43:22 INFO]: Val accuracy: {
    "score": -0.732210577209915,
    "rmse": 0.732210577209915
}
[09/04/2025 00:43:22 INFO]: Test accuracy: {
    "score": -0.6757963408194375,
    "rmse": 0.6757963408194375
}
[09/04/2025 00:44:15 INFO]: Training loss at epoch 95: 0.1810670681297779
[09/04/2025 00:45:10 INFO]: Training loss at epoch 90: 0.22538072615861893
[09/04/2025 00:46:04 INFO]: Training loss at epoch 96: 0.3071933388710022
[09/04/2025 00:46:59 INFO]: Training loss at epoch 91: 0.22012854367494583
[09/04/2025 00:47:52 INFO]: Training loss at epoch 97: 0.23729484528303146
[09/04/2025 00:48:48 INFO]: Training loss at epoch 92: 0.2891834229230881
[09/04/2025 00:49:40 INFO]: Training loss at epoch 98: 0.24002563953399658
[09/04/2025 00:50:36 INFO]: Training loss at epoch 93: 0.22257611900568008
[09/04/2025 00:51:30 INFO]: Training loss at epoch 99: 0.27180560678243637
[09/04/2025 00:52:07 INFO]: Training accuracy: {
    "score": -0.4700831017436631,
    "rmse": 0.4700831017436631
}
[09/04/2025 00:52:07 INFO]: Val accuracy: {
    "score": -0.7578079591524312,
    "rmse": 0.7578079591524312
}
[09/04/2025 00:52:07 INFO]: Test accuracy: {
    "score": -0.6995285726779618,
    "rmse": 0.6995285726779618
}
[09/04/2025 00:52:25 INFO]: Training loss at epoch 94: 0.2316083014011383
[09/04/2025 00:53:56 INFO]: Training loss at epoch 100: 0.25960634648799896
[09/04/2025 00:54:14 INFO]: Training loss at epoch 95: 0.1810670681297779
[09/04/2025 00:55:44 INFO]: Training loss at epoch 101: 0.26545560359954834
[09/04/2025 00:56:03 INFO]: Training loss at epoch 96: 0.3071933388710022
[09/04/2025 00:57:33 INFO]: Training loss at epoch 102: 0.2934275418519974
[09/04/2025 00:57:51 INFO]: Training loss at epoch 97: 0.23729484528303146
[09/04/2025 00:59:24 INFO]: Training loss at epoch 103: 0.260418139398098
[09/04/2025 00:59:39 INFO]: Training loss at epoch 98: 0.24002563953399658
[09/04/2025 01:01:12 INFO]: Training loss at epoch 104: 0.24369016289710999
[09/04/2025 01:01:28 INFO]: Training loss at epoch 99: 0.27180560678243637
[09/04/2025 01:02:06 INFO]: Training accuracy: {
    "score": -0.4700831017436631,
    "rmse": 0.4700831017436631
}
[09/04/2025 01:02:06 INFO]: Val accuracy: {
    "score": -0.7578079591524312,
    "rmse": 0.7578079591524312
}
[09/04/2025 01:02:06 INFO]: Test accuracy: {
    "score": -0.6995285726779618,
    "rmse": 0.6995285726779618
}
[09/04/2025 01:03:00 INFO]: Training loss at epoch 105: 0.3056495785713196
[09/04/2025 01:03:54 INFO]: Training loss at epoch 100: 0.25960634648799896
[09/04/2025 01:04:48 INFO]: Training loss at epoch 106: 0.21891815960407257
[09/04/2025 01:05:42 INFO]: Training loss at epoch 101: 0.26545560359954834
[09/04/2025 01:06:37 INFO]: Training loss at epoch 107: 0.2694609761238098
[09/04/2025 01:06:50 INFO]: New best epoch, val score: -0.7147177589866807
[09/04/2025 01:06:50 INFO]: Saving model to: model_best.pth
[09/04/2025 01:07:32 INFO]: Training loss at epoch 102: 0.2934275418519974
[09/04/2025 01:08:26 INFO]: Training loss at epoch 108: 0.24048437178134918
[09/04/2025 01:08:39 INFO]: New best epoch, val score: -0.7130206274937695
[09/04/2025 01:08:39 INFO]: Saving model to: model_best.pth
[09/04/2025 01:09:20 INFO]: Training loss at epoch 103: 0.260418139398098
[09/04/2025 01:10:14 INFO]: Training loss at epoch 109: 0.1867281123995781
[09/04/2025 01:10:52 INFO]: Training accuracy: {
    "score": -0.43098333002336725,
    "rmse": 0.43098333002336725
}
[09/04/2025 01:10:52 INFO]: Val accuracy: {
    "score": -0.7439443256339159,
    "rmse": 0.7439443256339159
}
[09/04/2025 01:10:52 INFO]: Test accuracy: {
    "score": -0.7169381970282798,
    "rmse": 0.7169381970282798
}
[09/04/2025 01:11:09 INFO]: Training loss at epoch 104: 0.24369016289710999
[09/04/2025 01:12:41 INFO]: Training loss at epoch 110: 0.1909789741039276
[09/04/2025 01:12:58 INFO]: Training loss at epoch 105: 0.3056495785713196
[09/04/2025 01:14:29 INFO]: Training loss at epoch 111: 0.14425833523273468
[09/04/2025 01:14:46 INFO]: Training loss at epoch 106: 0.21891815960407257
[09/04/2025 01:16:17 INFO]: Training loss at epoch 112: 0.16877615451812744
[09/04/2025 01:16:35 INFO]: Training loss at epoch 107: 0.2694609761238098
[09/04/2025 01:16:48 INFO]: New best epoch, val score: -0.7147177589866807
[09/04/2025 01:16:48 INFO]: Saving model to: model_best.pth
[09/04/2025 01:18:06 INFO]: Training loss at epoch 113: 0.15352166071534157
[09/04/2025 01:18:23 INFO]: Training loss at epoch 108: 0.24048437178134918
[09/04/2025 01:18:37 INFO]: New best epoch, val score: -0.7130206274937695
[09/04/2025 01:18:37 INFO]: Saving model to: model_best.pth
[09/04/2025 01:19:54 INFO]: Training loss at epoch 114: 0.18288414925336838
[09/04/2025 01:20:12 INFO]: Training loss at epoch 109: 0.1867281123995781
[09/04/2025 01:20:50 INFO]: Training accuracy: {
    "score": -0.43098333002336725,
    "rmse": 0.43098333002336725
}
[09/04/2025 01:20:50 INFO]: Val accuracy: {
    "score": -0.7439443256339159,
    "rmse": 0.7439443256339159
}
[09/04/2025 01:20:50 INFO]: Test accuracy: {
    "score": -0.7169381970282798,
    "rmse": 0.7169381970282798
}
[09/04/2025 01:21:43 INFO]: Training loss at epoch 115: 0.22229981422424316
[09/04/2025 01:22:39 INFO]: Training loss at epoch 110: 0.1909789741039276
[09/04/2025 01:23:31 INFO]: Training loss at epoch 116: 0.15515771508216858
[09/04/2025 01:24:27 INFO]: Training loss at epoch 111: 0.14425833523273468
[09/04/2025 01:25:19 INFO]: Training loss at epoch 117: 0.15582836419343948
[09/04/2025 01:26:16 INFO]: Training loss at epoch 112: 0.16877615451812744
[09/04/2025 01:27:08 INFO]: Training loss at epoch 118: 0.1465330347418785
[09/04/2025 01:28:04 INFO]: Training loss at epoch 113: 0.15352166071534157
[09/04/2025 01:28:56 INFO]: Training loss at epoch 119: 0.1867874562740326
[09/04/2025 01:29:34 INFO]: Training accuracy: {
    "score": -0.4003817130149997,
    "rmse": 0.4003817130149997
}
[09/04/2025 01:29:34 INFO]: Val accuracy: {
    "score": -0.7514424093769242,
    "rmse": 0.7514424093769242
}
[09/04/2025 01:29:34 INFO]: Test accuracy: {
    "score": -0.7338196150106009,
    "rmse": 0.7338196150106009
}
[09/04/2025 01:29:54 INFO]: Training loss at epoch 114: 0.18288414925336838
[09/04/2025 01:31:22 INFO]: Training loss at epoch 120: 0.17849961668252945
[09/04/2025 01:31:43 INFO]: Training loss at epoch 115: 0.22229981422424316
[09/04/2025 01:33:11 INFO]: Training loss at epoch 121: 0.18296883255243301
[09/04/2025 01:33:32 INFO]: Training loss at epoch 116: 0.15515771508216858
[09/04/2025 01:34:59 INFO]: Training loss at epoch 122: 0.13681526482105255
[09/04/2025 01:35:20 INFO]: Training loss at epoch 117: 0.15582836419343948
[09/04/2025 01:36:48 INFO]: Training loss at epoch 123: 0.17101788520812988
[09/04/2025 01:37:09 INFO]: Training loss at epoch 118: 0.1465330347418785
[09/04/2025 01:38:36 INFO]: Training loss at epoch 124: 0.1694132313132286
[09/04/2025 01:38:57 INFO]: Training loss at epoch 119: 0.1867874562740326
[09/04/2025 01:39:35 INFO]: Training accuracy: {
    "score": -0.4003817130149997,
    "rmse": 0.4003817130149997
}
[09/04/2025 01:39:35 INFO]: Val accuracy: {
    "score": -0.7514424093769242,
    "rmse": 0.7514424093769242
}
[09/04/2025 01:39:35 INFO]: Test accuracy: {
    "score": -0.7338196150106009,
    "rmse": 0.7338196150106009
}
[09/04/2025 01:40:24 INFO]: Training loss at epoch 125: 0.1086689680814743
[09/04/2025 01:41:23 INFO]: Training loss at epoch 120: 0.17849961668252945
[09/04/2025 01:42:12 INFO]: Training loss at epoch 126: 0.14473956823349
[09/04/2025 01:43:12 INFO]: Training loss at epoch 121: 0.18296883255243301
[09/04/2025 01:44:01 INFO]: Training loss at epoch 127: 0.13320310413837433
[09/04/2025 01:45:01 INFO]: Training loss at epoch 122: 0.13681526482105255
[09/04/2025 01:45:49 INFO]: Training loss at epoch 128: 0.14387214928865433
[09/04/2025 01:46:49 INFO]: Training loss at epoch 123: 0.17101788520812988
[09/04/2025 01:47:38 INFO]: Training loss at epoch 129: 0.181846521794796
[09/04/2025 01:48:16 INFO]: Training accuracy: {
    "score": -0.35546212722727666,
    "rmse": 0.35546212722727666
}
[09/04/2025 01:48:16 INFO]: Val accuracy: {
    "score": -0.7384692875723101,
    "rmse": 0.7384692875723101
}
[09/04/2025 01:48:16 INFO]: Test accuracy: {
    "score": -0.7242634801210343,
    "rmse": 0.7242634801210343
}
[09/04/2025 01:48:38 INFO]: Training loss at epoch 124: 0.1694132313132286
[09/04/2025 01:50:04 INFO]: Training loss at epoch 130: 0.10207337513566017
[09/04/2025 01:50:26 INFO]: Training loss at epoch 125: 0.1086689680814743
[09/04/2025 01:51:52 INFO]: Training loss at epoch 131: 0.17988460510969162
[09/04/2025 01:52:14 INFO]: Training loss at epoch 126: 0.14473956823349
[09/04/2025 01:53:41 INFO]: Training loss at epoch 132: 0.16692836582660675
[09/04/2025 01:54:03 INFO]: Training loss at epoch 127: 0.13320310413837433
[09/04/2025 01:55:30 INFO]: Training loss at epoch 133: 0.1104644350707531
[09/04/2025 01:55:52 INFO]: Training loss at epoch 128: 0.14387214928865433
[09/04/2025 01:57:18 INFO]: Training loss at epoch 134: 0.17046215385198593
[09/04/2025 01:57:40 INFO]: Training loss at epoch 129: 0.181846521794796
[09/04/2025 01:58:18 INFO]: Training accuracy: {
    "score": -0.35546212722727666,
    "rmse": 0.35546212722727666
}
[09/04/2025 01:58:18 INFO]: Val accuracy: {
    "score": -0.7384692875723101,
    "rmse": 0.7384692875723101
}
[09/04/2025 01:58:18 INFO]: Test accuracy: {
    "score": -0.7242634801210343,
    "rmse": 0.7242634801210343
}
[09/04/2025 01:59:10 INFO]: Training loss at epoch 135: 0.16558635234832764
[09/04/2025 02:00:06 INFO]: Training loss at epoch 130: 0.10207337513566017
[09/04/2025 02:00:59 INFO]: Training loss at epoch 136: 0.23085170984268188
[09/04/2025 02:01:54 INFO]: Training loss at epoch 131: 0.17988460510969162
[09/04/2025 02:02:48 INFO]: Training loss at epoch 137: 0.25555629283189774
[09/04/2025 02:03:43 INFO]: Training loss at epoch 132: 0.16692836582660675
[09/04/2025 02:04:37 INFO]: Training loss at epoch 138: 0.20251968502998352
[09/04/2025 02:05:32 INFO]: Training loss at epoch 133: 0.1104644350707531
[09/04/2025 02:06:25 INFO]: Training loss at epoch 139: 0.19348055124282837
[09/04/2025 02:07:03 INFO]: Training accuracy: {
    "score": -0.3578905515011696,
    "rmse": 0.3578905515011696
}
[09/04/2025 02:07:03 INFO]: Val accuracy: {
    "score": -0.7568173624996409,
    "rmse": 0.7568173624996409
}
[09/04/2025 02:07:03 INFO]: Test accuracy: {
    "score": -0.7264700223455298,
    "rmse": 0.7264700223455298
}
[09/04/2025 02:07:16 INFO]: Running Final Evaluation...
[09/04/2025 02:07:20 INFO]: Training loss at epoch 134: 0.17046215385198593
[09/04/2025 02:07:55 INFO]: Training accuracy: {
    "score": -0.4469209088585585,
    "rmse": 0.4469209088585585
}
[09/04/2025 02:07:55 INFO]: Val accuracy: {
    "score": -0.7130206274937695,
    "rmse": 0.7130206274937695
}
[09/04/2025 02:07:55 INFO]: Test accuracy: {
    "score": -0.7095292760318918,
    "rmse": 0.7095292760318918
}
[09/04/2025 02:07:55 INFO]: {
    "dataset": "ic_upstream3_Imputation_Mean_exp_100_1",
    "model_name": "ft_transformer",
    "run_id": "boneless-Kentrell",
    "best_epoch": 108,
    "routine": "from_scratch",
    "test_stats": {
        "score": -0.7095292760318918,
        "rmse": 0.7095292760318918
    },
    "train_stats": {
        "score": -0.4469209088585585,
        "rmse": 0.4469209088585585
    },
    "val_stats": {
        "score": -0.7130206274937695,
        "rmse": 0.7130206274937695
    }
}
[09/04/2025 02:09:09 INFO]: Training loss at epoch 135: 0.16558635234832764
[09/04/2025 02:10:57 INFO]: Training loss at epoch 136: 0.23085170984268188
[09/04/2025 02:12:46 INFO]: Training loss at epoch 137: 0.25555629283189774
[09/04/2025 02:14:35 INFO]: Training loss at epoch 138: 0.20251968502998352
[09/04/2025 02:16:23 INFO]: Training loss at epoch 139: 0.19348055124282837
[09/04/2025 02:17:01 INFO]: Training accuracy: {
    "score": -0.3578905515011696,
    "rmse": 0.3578905515011696
}
[09/04/2025 02:17:01 INFO]: Val accuracy: {
    "score": -0.7568173624996409,
    "rmse": 0.7568173624996409
}
[09/04/2025 02:17:01 INFO]: Test accuracy: {
    "score": -0.7264700223455298,
    "rmse": 0.7264700223455298
}
[09/04/2025 02:17:14 INFO]: Running Final Evaluation...
[09/04/2025 02:17:52 INFO]: Training accuracy: {
    "score": -0.4469209088585585,
    "rmse": 0.4469209088585585
}
[09/04/2025 02:17:52 INFO]: Val accuracy: {
    "score": -0.7130206274937695,
    "rmse": 0.7130206274937695
}
[09/04/2025 02:17:52 INFO]: Test accuracy: {
    "score": -0.7095292760318918,
    "rmse": 0.7095292760318918
}
[09/04/2025 02:17:52 INFO]: {
    "dataset": "ic_upstream3_Imputation_Mean_exp_100_1",
    "model_name": "ft_transformer",
    "run_id": "squiffy-Kenosha",
    "best_epoch": 108,
    "routine": "from_scratch",
    "test_stats": {
        "score": -0.7095292760318918,
        "rmse": 0.7095292760318918
    },
    "train_stats": {
        "score": -0.4469209088585585,
        "rmse": 0.4469209088585585
    },
    "val_stats": {
        "score": -0.7130206274937695,
        "rmse": 0.7130206274937695
    }
}
