[09/03/2025 21:44:19 INFO]: 
_________________________________________________

[09/03/2025 21:44:19 INFO]: transfer_learn_net.py main() running.
[09/03/2025 21:44:19 INFO]: model:
  name: ft_transformer
  d_embedding: 256
  model_path: null
  use_mlp_head: false
  freeze_feature_extractor: false
  token_bias: true
  n_layers: 2
  n_heads: 4
  d_ffn_factor: 1.864002857848663
  attention_dropout: 0.07447213349093826
  ffn_dropout: 0.06108340466868334
  residual_dropout: 0.0
  activation: gelu
  prenormalization: true
  initialization: kaiming
  kv_compression: null
  kv_compression_sharing: null
dataset:
  name: ic_upstream3_Imputation_Gaussian_exp_100_1
  source: local
  task: regression
  normalization: quantile
  normalizer_path: ../../../data/ic_upstream3_Imputation_Gaussian_exp_100_1/normalizer.pkl
  stage: pretrain
  y_policy: mean_std
hyp:
  epochs: 200
  lr: 0.0006926430133190523
  lr_decay: step
  lr_factor: 0.1
  lr_schedule:
  - 40
  - 80
  optimizer: adam
  patience: 30
  save_period: 100000000.0
  seed: 0
  test_batch_size: 256
  train_batch_size: 256
  use_patience: true
  val_period: 10
  warmup_period: 5
  weight_decay: 0.0002
  momentum: 0.9
  warmup_type: linear
  head_warmup_period: 10
  head_lr: 0.001
train_log: train_log
name: transfer-learning-experiment
run_id: timid-Chikara

[09/03/2025 21:44:19 INFO]: Building Dataset
[09/03/2025 21:44:19 INFO]: pre normalizer.fit

[09/03/2025 21:44:19 INFO]: pos normalizer.fit

[09/03/2025 21:44:20 INFO]: Task: regression, Dataset: ic_upstream3_Imputation_Gaussian_exp_100_1, n_numerical: 165, n_categorical: 0, n_classes: 1, n_train_samples: 282, n_val_samples: 66, n_test_samples: 87
[09/03/2025 21:44:21 INFO]: This ft_transformer has 1.103 million parameters.
[09/03/2025 21:44:21 INFO]: Training will start at epoch 0.
[09/03/2025 21:44:48 INFO]: ==> Starting training for 200 epochs...
[09/03/2025 21:45:11 INFO]: Training loss at epoch 0: 1.3259909749031067
[09/03/2025 21:45:14 INFO]: New best epoch, val score: -1.0992433088342464
[09/03/2025 21:45:14 INFO]: Saving model to: model_best.pth
[09/03/2025 21:45:35 INFO]: Training loss at epoch 1: 2.1061864495277405
[09/03/2025 21:45:59 INFO]: Training loss at epoch 2: 1.383090317249298
[09/03/2025 21:46:23 INFO]: Training loss at epoch 3: 1.4704169631004333
[09/03/2025 21:46:26 INFO]: New best epoch, val score: -1.0793683326540109
[09/03/2025 21:46:26 INFO]: Saving model to: model_best.pth
[09/03/2025 21:46:47 INFO]: Training loss at epoch 4: 1.0621159672737122
[09/03/2025 21:46:50 INFO]: New best epoch, val score: -0.9699740583213451
[09/03/2025 21:46:50 INFO]: Saving model to: model_best.pth
[09/03/2025 21:47:11 INFO]: Training loss at epoch 5: 1.452336609363556
[09/03/2025 21:47:14 INFO]: New best epoch, val score: -0.9691937279300986
[09/03/2025 21:47:14 INFO]: Saving model to: model_best.pth
[09/03/2025 21:47:35 INFO]: Training loss at epoch 6: 1.407756507396698
[09/03/2025 21:47:38 INFO]: New best epoch, val score: -0.965571369197936
[09/03/2025 21:47:38 INFO]: Saving model to: model_best.pth
[09/03/2025 21:47:59 INFO]: Training loss at epoch 7: 1.0522670149803162
[09/03/2025 21:48:01 INFO]: New best epoch, val score: -0.9608845511842861
[09/03/2025 21:48:01 INFO]: Saving model to: model_best.pth
[09/03/2025 21:48:23 INFO]: Training loss at epoch 8: 1.1780902743339539
[09/03/2025 21:48:26 INFO]: New best epoch, val score: -0.955833073798419
[09/03/2025 21:48:26 INFO]: Saving model to: model_best.pth
[09/03/2025 21:48:47 INFO]: Training loss at epoch 9: 1.1334749460220337
[09/03/2025 21:48:55 INFO]: Training accuracy: {
    "score": -1.0720657088963303,
    "rmse": 1.0720657088963303
}
[09/03/2025 21:48:55 INFO]: Val accuracy: {
    "score": -0.9506569828788496,
    "rmse": 0.9506569828788496
}
[09/03/2025 21:48:55 INFO]: Test accuracy: {
    "score": -0.959790432665389,
    "rmse": 0.959790432665389
}
[09/03/2025 21:48:58 INFO]: New best epoch, val score: -0.9506569828788496
[09/03/2025 21:48:58 INFO]: Saving model to: model_best.pth
[09/03/2025 21:49:19 INFO]: Training loss at epoch 10: 1.0560803413391113
[09/03/2025 21:49:22 INFO]: New best epoch, val score: -0.9376794362599592
[09/03/2025 21:49:22 INFO]: Saving model to: model_best.pth
[09/03/2025 21:49:43 INFO]: Training loss at epoch 11: 1.043408215045929
[09/03/2025 21:50:07 INFO]: Training loss at epoch 12: 1.0882028937339783
[09/03/2025 21:50:31 INFO]: Training loss at epoch 13: 1.203074336051941
[09/03/2025 21:50:55 INFO]: Training loss at epoch 14: 1.2371978759765625
[09/03/2025 21:51:19 INFO]: Training loss at epoch 15: 1.0428712666034698
[09/03/2025 21:51:42 INFO]: Training loss at epoch 16: 1.0235663950443268
[09/03/2025 21:52:06 INFO]: Training loss at epoch 17: 0.9554358422756195
[09/03/2025 21:52:30 INFO]: Training loss at epoch 18: 0.9414767324924469
[09/03/2025 21:52:33 INFO]: New best epoch, val score: -0.9352129584601745
[09/03/2025 21:52:33 INFO]: Saving model to: model_best.pth
[09/03/2025 21:52:54 INFO]: Training loss at epoch 19: 0.8433914482593536
[09/03/2025 21:53:02 INFO]: Training accuracy: {
    "score": -1.0037553677544053,
    "rmse": 1.0037553677544053
}
[09/03/2025 21:53:02 INFO]: Val accuracy: {
    "score": -0.9287519024334415,
    "rmse": 0.9287519024334415
}
[09/03/2025 21:53:02 INFO]: Test accuracy: {
    "score": -0.9133339925767545,
    "rmse": 0.9133339925767545
}
[09/03/2025 21:53:05 INFO]: New best epoch, val score: -0.9287519024334415
[09/03/2025 21:53:05 INFO]: Saving model to: model_best.pth
[09/03/2025 21:53:26 INFO]: Training loss at epoch 20: 1.0574389100074768
[09/03/2025 21:53:29 INFO]: New best epoch, val score: -0.9275305979878825
[09/03/2025 21:53:29 INFO]: Saving model to: model_best.pth
[09/03/2025 21:53:51 INFO]: Training loss at epoch 21: 0.9774119555950165
[09/03/2025 21:53:54 INFO]: New best epoch, val score: -0.9272758656720596
[09/03/2025 21:53:54 INFO]: Saving model to: model_best.pth
[09/03/2025 21:54:15 INFO]: Training loss at epoch 22: 1.1267861723899841
[09/03/2025 21:54:39 INFO]: Training loss at epoch 23: 0.8757408857345581
[09/03/2025 21:55:03 INFO]: Training loss at epoch 24: 0.8213390707969666
[09/03/2025 21:55:27 INFO]: Training loss at epoch 25: 0.9350543022155762
[09/03/2025 21:55:50 INFO]: Training loss at epoch 26: 1.0688693523406982
[09/03/2025 21:56:14 INFO]: Training loss at epoch 27: 0.961462676525116
[09/03/2025 21:56:38 INFO]: Training loss at epoch 28: 0.9846604466438293
[09/03/2025 21:57:03 INFO]: Training loss at epoch 29: 1.0240784287452698
[09/03/2025 21:57:11 INFO]: Training accuracy: {
    "score": -0.9915747394432408,
    "rmse": 0.9915747394432408
}
[09/03/2025 21:57:11 INFO]: Val accuracy: {
    "score": -0.9803363470819414,
    "rmse": 0.9803363470819414
}
[09/03/2025 21:57:11 INFO]: Test accuracy: {
    "score": -0.9355617567146786,
    "rmse": 0.9355617567146786
}
[09/03/2025 21:57:35 INFO]: Training loss at epoch 30: 1.0712097585201263
[09/03/2025 21:57:59 INFO]: Training loss at epoch 31: 0.9429930746555328
[09/03/2025 21:58:22 INFO]: Training loss at epoch 32: 1.0441080033779144
[09/03/2025 21:58:46 INFO]: Training loss at epoch 33: 0.8226442933082581
[09/03/2025 21:59:10 INFO]: Training loss at epoch 34: 1.0639042854309082
[09/03/2025 21:59:13 INFO]: New best epoch, val score: -0.9229586024671617
[09/03/2025 21:59:13 INFO]: Saving model to: model_best.pth
[09/03/2025 21:59:34 INFO]: Training loss at epoch 35: 0.976730465888977
[09/03/2025 21:59:36 INFO]: New best epoch, val score: -0.9201866840603711
[09/03/2025 21:59:36 INFO]: Saving model to: model_best.pth
[09/03/2025 21:59:58 INFO]: Training loss at epoch 36: 0.9823214709758759
[09/03/2025 22:00:00 INFO]: New best epoch, val score: -0.9161728060425909
[09/03/2025 22:00:00 INFO]: Saving model to: model_best.pth
[09/03/2025 22:00:22 INFO]: Training loss at epoch 37: 0.9109566509723663
[09/03/2025 22:00:24 INFO]: New best epoch, val score: -0.9095870834791403
[09/03/2025 22:00:24 INFO]: Saving model to: model_best.pth
[09/03/2025 22:00:46 INFO]: Training loss at epoch 38: 1.0368740260601044
[09/03/2025 22:00:48 INFO]: New best epoch, val score: -0.9035600927225451
[09/03/2025 22:00:48 INFO]: Saving model to: model_best.pth
[09/03/2025 22:01:10 INFO]: Training loss at epoch 39: 1.0171469748020172
[09/03/2025 22:01:18 INFO]: Training accuracy: {
    "score": -0.9473888710128504,
    "rmse": 0.9473888710128504
}
[09/03/2025 22:01:18 INFO]: Val accuracy: {
    "score": -0.8993258641580362,
    "rmse": 0.8993258641580362
}
[09/03/2025 22:01:18 INFO]: Test accuracy: {
    "score": -0.8685423373231064,
    "rmse": 0.8685423373231064
}
[09/03/2025 22:01:21 INFO]: New best epoch, val score: -0.8993258641580362
[09/03/2025 22:01:21 INFO]: Saving model to: model_best.pth
[09/03/2025 22:01:42 INFO]: Training loss at epoch 40: 1.0104565024375916
[09/03/2025 22:01:45 INFO]: New best epoch, val score: -0.8992641599139986
[09/03/2025 22:01:45 INFO]: Saving model to: model_best.pth
[09/03/2025 22:02:06 INFO]: Training loss at epoch 41: 0.9410198032855988
[09/03/2025 22:02:30 INFO]: Training loss at epoch 42: 0.8100370466709137
[09/03/2025 22:02:53 INFO]: Training loss at epoch 43: 0.7900430560112
[09/03/2025 22:03:17 INFO]: Training loss at epoch 44: 0.92771777510643
[09/03/2025 22:03:41 INFO]: Training loss at epoch 45: 0.7313246428966522
[09/03/2025 22:03:44 INFO]: New best epoch, val score: -0.8519966985006624
[09/03/2025 22:03:44 INFO]: Saving model to: model_best.pth
[09/03/2025 22:04:05 INFO]: Training loss at epoch 46: 0.7803190648555756
[09/03/2025 22:04:08 INFO]: New best epoch, val score: -0.8160262403667843
[09/03/2025 22:04:08 INFO]: Saving model to: model_best.pth
[09/03/2025 22:04:29 INFO]: Training loss at epoch 47: 0.9112218022346497
[09/03/2025 22:04:32 INFO]: New best epoch, val score: -0.8110378477615886
[09/03/2025 22:04:32 INFO]: Saving model to: model_best.pth
[09/03/2025 22:04:53 INFO]: Training loss at epoch 48: 0.9740264117717743
[09/03/2025 22:05:19 INFO]: Training loss at epoch 49: 0.7319166958332062
[09/03/2025 22:05:27 INFO]: Training accuracy: {
    "score": -0.8066664772475162,
    "rmse": 0.8066664772475162
}
[09/03/2025 22:05:27 INFO]: Val accuracy: {
    "score": -0.8451447187939203,
    "rmse": 0.8451447187939203
}
[09/03/2025 22:05:27 INFO]: Test accuracy: {
    "score": -0.7722567946545867,
    "rmse": 0.7722567946545867
}
[09/03/2025 22:05:50 INFO]: Training loss at epoch 50: 0.5345192700624466
[09/03/2025 22:06:14 INFO]: Training loss at epoch 51: 0.600775957107544
[09/03/2025 22:06:38 INFO]: Training loss at epoch 52: 0.6412838697433472
[09/03/2025 22:07:02 INFO]: Training loss at epoch 53: 0.7456872761249542
[09/03/2025 22:07:26 INFO]: Training loss at epoch 54: 0.617879182100296
[09/03/2025 22:07:50 INFO]: Training loss at epoch 55: 0.6907825469970703
[09/03/2025 22:08:14 INFO]: Training loss at epoch 56: 0.7206300497055054
[09/03/2025 22:08:37 INFO]: Training loss at epoch 57: 0.5588455498218536
[09/03/2025 22:09:01 INFO]: Training loss at epoch 58: 0.5222703963518143
[09/03/2025 22:09:25 INFO]: Training loss at epoch 59: 0.4040542319417
[09/03/2025 22:09:33 INFO]: Training accuracy: {
    "score": -0.72584222563901,
    "rmse": 0.72584222563901
}
[09/03/2025 22:09:33 INFO]: Val accuracy: {
    "score": -0.8348010495967625,
    "rmse": 0.8348010495967625
}
[09/03/2025 22:09:33 INFO]: Test accuracy: {
    "score": -0.7453511290653138,
    "rmse": 0.7453511290653138
}
[09/03/2025 22:09:57 INFO]: Training loss at epoch 60: 0.48029470443725586
[09/03/2025 22:10:21 INFO]: Training loss at epoch 61: 0.5648455023765564
[09/03/2025 22:10:45 INFO]: Training loss at epoch 62: 0.5127702951431274
[09/03/2025 22:11:08 INFO]: Training loss at epoch 63: 0.4910637438297272
[09/03/2025 22:11:11 INFO]: New best epoch, val score: -0.779853226857107
[09/03/2025 22:11:11 INFO]: Saving model to: model_best.pth
[09/03/2025 22:11:32 INFO]: Training loss at epoch 64: 0.5081393122673035
[09/03/2025 22:11:35 INFO]: New best epoch, val score: -0.7587666194440573
[09/03/2025 22:11:35 INFO]: Saving model to: model_best.pth
[09/03/2025 22:11:56 INFO]: Training loss at epoch 65: 0.5353124439716339
[09/03/2025 22:12:19 INFO]: Training loss at epoch 66: 0.5201992392539978
[09/03/2025 22:12:43 INFO]: Training loss at epoch 67: 0.3785475343465805
[09/03/2025 22:12:46 INFO]: New best epoch, val score: -0.7388237400595267
[09/03/2025 22:12:46 INFO]: Saving model to: model_best.pth
[09/03/2025 22:13:07 INFO]: Training loss at epoch 68: 0.39930735528469086
[09/03/2025 22:13:10 INFO]: New best epoch, val score: -0.7384952148381959
[09/03/2025 22:13:10 INFO]: Saving model to: model_best.pth
[09/03/2025 22:13:30 INFO]: Training loss at epoch 69: 0.52690789103508
[09/03/2025 22:13:38 INFO]: Training accuracy: {
    "score": -0.6278063264833286,
    "rmse": 0.6278063264833286
}
[09/03/2025 22:13:38 INFO]: Val accuracy: {
    "score": -0.7186868515839909,
    "rmse": 0.7186868515839909
}
[09/03/2025 22:13:38 INFO]: Test accuracy: {
    "score": -0.7202160015875387,
    "rmse": 0.7202160015875387
}
[09/03/2025 22:13:41 INFO]: New best epoch, val score: -0.7186868515839909
[09/03/2025 22:13:41 INFO]: Saving model to: model_best.pth
[09/03/2025 22:14:02 INFO]: Training loss at epoch 70: 0.3445059657096863
[09/03/2025 22:14:26 INFO]: Training loss at epoch 71: 0.4017167091369629
[09/03/2025 22:14:49 INFO]: Training loss at epoch 72: 0.4252878874540329
[09/03/2025 22:14:52 INFO]: New best epoch, val score: -0.6945950003605154
[09/03/2025 22:14:52 INFO]: Saving model to: model_best.pth
[09/03/2025 22:15:13 INFO]: Training loss at epoch 73: 0.37996841967105865
[09/03/2025 22:15:36 INFO]: Training loss at epoch 74: 0.4327213019132614
[09/03/2025 22:16:00 INFO]: Training loss at epoch 75: 0.41178731620311737
[09/03/2025 22:16:23 INFO]: Training loss at epoch 76: 0.34269891679286957
[09/03/2025 22:16:47 INFO]: Training loss at epoch 77: 0.3952484726905823
[09/03/2025 22:17:10 INFO]: Training loss at epoch 78: 0.3682057708501816
[09/03/2025 22:17:34 INFO]: Training loss at epoch 79: 0.43776461482048035
[09/03/2025 22:17:42 INFO]: Training accuracy: {
    "score": -0.5710642227432531,
    "rmse": 0.5710642227432531
}
[09/03/2025 22:17:42 INFO]: Val accuracy: {
    "score": -0.6996503544083287,
    "rmse": 0.6996503544083287
}
[09/03/2025 22:17:42 INFO]: Test accuracy: {
    "score": -0.7155701799097697,
    "rmse": 0.7155701799097697
}
[09/03/2025 22:18:05 INFO]: Training loss at epoch 80: 0.3494758754968643
[09/03/2025 22:18:29 INFO]: Training loss at epoch 81: 0.2794096916913986
[09/03/2025 22:18:52 INFO]: Training loss at epoch 82: 0.2867013290524483
[09/03/2025 22:18:55 INFO]: New best epoch, val score: -0.6874120115993652
[09/03/2025 22:18:55 INFO]: Saving model to: model_best.pth
[09/03/2025 22:19:16 INFO]: Training loss at epoch 83: 0.27749328315258026
[09/03/2025 22:19:19 INFO]: New best epoch, val score: -0.6816136875627481
[09/03/2025 22:19:19 INFO]: Saving model to: model_best.pth
[09/03/2025 22:19:39 INFO]: Training loss at epoch 84: 0.2769329696893692
[09/03/2025 22:20:03 INFO]: Training loss at epoch 85: 0.28332678973674774
[09/03/2025 22:20:27 INFO]: Training loss at epoch 86: 0.2861972898244858
[09/03/2025 22:20:50 INFO]: Training loss at epoch 87: 0.2955968379974365
[09/03/2025 22:21:14 INFO]: Training loss at epoch 88: 0.37396085262298584
[09/03/2025 22:21:37 INFO]: Training loss at epoch 89: 0.2120848447084427
[09/03/2025 22:21:45 INFO]: Training accuracy: {
    "score": -0.5222082282247851,
    "rmse": 0.5222082282247851
}
[09/03/2025 22:21:45 INFO]: Val accuracy: {
    "score": -0.6876563011606335,
    "rmse": 0.6876563011606335
}
[09/03/2025 22:21:45 INFO]: Test accuracy: {
    "score": -0.7203183218726739,
    "rmse": 0.7203183218726739
}
[09/03/2025 22:22:09 INFO]: Training loss at epoch 90: 0.3063754588365555
[09/03/2025 22:22:32 INFO]: Training loss at epoch 91: 0.3415699899196625
[09/03/2025 22:22:56 INFO]: Training loss at epoch 92: 0.24539418518543243
[09/03/2025 22:23:19 INFO]: Training loss at epoch 93: 0.33720262348651886
[09/03/2025 22:23:43 INFO]: Training loss at epoch 94: 0.2849835753440857
[09/03/2025 22:24:06 INFO]: Training loss at epoch 95: 0.2137463018298149
[09/03/2025 22:24:30 INFO]: Training loss at epoch 96: 0.26321203261613846
[09/03/2025 22:24:54 INFO]: Training loss at epoch 97: 0.20118672773241997
[09/03/2025 22:25:17 INFO]: Training loss at epoch 98: 0.2309100702404976
[09/03/2025 22:25:41 INFO]: Training loss at epoch 99: 0.28440485894680023
[09/03/2025 22:25:49 INFO]: Training accuracy: {
    "score": -0.4748604949476604,
    "rmse": 0.4748604949476604
}
[09/03/2025 22:25:49 INFO]: Val accuracy: {
    "score": -0.7006763988685322,
    "rmse": 0.7006763988685322
}
[09/03/2025 22:25:49 INFO]: Test accuracy: {
    "score": -0.7270837466465063,
    "rmse": 0.7270837466465063
}
[09/03/2025 22:26:12 INFO]: Training loss at epoch 100: 0.2188161164522171
[09/03/2025 22:26:36 INFO]: Training loss at epoch 101: 0.2592707872390747
[09/03/2025 22:27:00 INFO]: Training loss at epoch 102: 0.3122565448284149
[09/03/2025 22:27:23 INFO]: Training loss at epoch 103: 0.24736356735229492
[09/03/2025 22:27:47 INFO]: Training loss at epoch 104: 0.2753196507692337
[09/03/2025 22:28:10 INFO]: Training loss at epoch 105: 0.18436116725206375
[09/03/2025 22:28:34 INFO]: Training loss at epoch 106: 0.2994038015604019
[09/03/2025 22:28:58 INFO]: Training loss at epoch 107: 0.2005038931965828
[09/03/2025 22:29:21 INFO]: Training loss at epoch 108: 0.24592740833759308
[09/03/2025 22:29:45 INFO]: Training loss at epoch 109: 0.21178582310676575
[09/03/2025 22:29:53 INFO]: Training accuracy: {
    "score": -0.46630945382230216,
    "rmse": 0.46630945382230216
}
[09/03/2025 22:29:53 INFO]: Val accuracy: {
    "score": -0.723526480861415,
    "rmse": 0.723526480861415
}
[09/03/2025 22:29:53 INFO]: Test accuracy: {
    "score": -0.6849128125264384,
    "rmse": 0.6849128125264384
}
[09/03/2025 22:30:17 INFO]: Training loss at epoch 110: 0.2285737320780754
[09/03/2025 22:30:40 INFO]: Training loss at epoch 111: 0.2548036277294159
[09/03/2025 22:31:04 INFO]: Training loss at epoch 112: 0.21081339567899704
[09/03/2025 22:31:28 INFO]: Training loss at epoch 113: 0.286519393324852
[09/03/2025 22:31:52 INFO]: Training loss at epoch 114: 0.21996503323316574
[09/03/2025 22:31:54 INFO]: Running Final Evaluation...
[09/03/2025 22:32:03 INFO]: Training accuracy: {
    "score": -0.5606342154976348,
    "rmse": 0.5606342154976348
}
[09/03/2025 22:32:03 INFO]: Val accuracy: {
    "score": -0.6816136875627481,
    "rmse": 0.6816136875627481
}
[09/03/2025 22:32:03 INFO]: Test accuracy: {
    "score": -0.694041699501073,
    "rmse": 0.694041699501073
}
[09/03/2025 22:32:03 INFO]: {
    "dataset": "ic_upstream3_Imputation_Gaussian_exp_100_1",
    "model_name": "ft_transformer",
    "run_id": "timid-Chikara",
    "best_epoch": 83,
    "routine": "from_scratch",
    "test_stats": {
        "score": -0.694041699501073,
        "rmse": 0.694041699501073
    },
    "train_stats": {
        "score": -0.5606342154976348,
        "rmse": 0.5606342154976348
    },
    "val_stats": {
        "score": -0.6816136875627481,
        "rmse": 0.6816136875627481
    }
}
