[09/04/2025 10:27:28 INFO]: 
_________________________________________________

[09/04/2025 10:27:28 INFO]: transfer_learn_net.py main() running.
[09/04/2025 10:27:28 INFO]: model:
  name: ft_transformer
  d_embedding: 320
  model_path: null
  use_mlp_head: false
  freeze_feature_extractor: false
  token_bias: true
  n_layers: 10
  n_heads: 4
  d_ffn_factor: 0.6709278451773464
  attention_dropout: 0.22307857941661557
  ffn_dropout: 0.10071851732968815
  residual_dropout: 0.0
  activation: reglu
  prenormalization: true
  initialization: kaiming
  kv_compression: null
  kv_compression_sharing: null
dataset:
  name: ic_upstream2_Imputation_Gaussian_exp_100_1
  source: local
  task: regression
  normalization: quantile
  normalizer_path: ../../../data/ic_upstream2_Imputation_Gaussian_exp_100_1/normalizer.pkl
  stage: pretrain
  y_policy: mean_std
hyp:
  epochs: 200
  lr: 0.0006926430133190523
  lr_decay: step
  lr_factor: 0.1
  lr_schedule:
  - 40
  - 80
  optimizer: adam
  patience: 30
  save_period: 100000000.0
  seed: 0
  test_batch_size: 256
  train_batch_size: 256
  use_patience: true
  val_period: 10
  warmup_period: 5
  weight_decay: 0.0002
  momentum: 0.9
  warmup_type: linear
  head_warmup_period: 10
  head_lr: 0.001
train_log: train_log
name: transfer-learning-experiment
run_id: gumptious-Lannis

[09/04/2025 10:27:30 INFO]: Building Dataset
[09/04/2025 10:27:30 INFO]: pre normalizer.fit

[09/04/2025 10:27:30 INFO]: pos normalizer.fit

[09/04/2025 10:27:31 INFO]: Task: regression, Dataset: ic_upstream2_Imputation_Gaussian_exp_100_1, n_numerical: 162, n_categorical: 0, n_classes: 1, n_train_samples: 282, n_val_samples: 66, n_test_samples: 87
[09/04/2025 10:27:31 INFO]: This ft_transformer has 6.288 million parameters.
[09/04/2025 10:27:31 INFO]: Training will start at epoch 0.
[09/04/2025 10:28:09 INFO]: ==> Starting training for 200 epochs...
[09/04/2025 10:31:20 INFO]: Training loss at epoch 0: 1.0748631954193115
[09/04/2025 10:31:45 INFO]: New best epoch, val score: -0.9889786712276226
[09/04/2025 10:31:45 INFO]: Saving model to: model_best.pth
[09/04/2025 10:34:55 INFO]: Training loss at epoch 1: 0.998589962720871
[09/04/2025 10:38:29 INFO]: Training loss at epoch 2: 2.2052775621414185
[09/04/2025 10:38:54 INFO]: New best epoch, val score: -0.9730028283637656
[09/04/2025 10:38:54 INFO]: Saving model to: model_best.pth
[09/04/2025 10:42:06 INFO]: Training loss at epoch 3: 1.253914475440979
[09/04/2025 10:45:40 INFO]: Training loss at epoch 4: 1.1168371737003326
[09/04/2025 10:46:05 INFO]: New best epoch, val score: -0.9476095441163173
[09/04/2025 10:46:05 INFO]: Saving model to: model_best.pth
[09/04/2025 10:49:16 INFO]: Training loss at epoch 5: 1.0393402576446533
[09/04/2025 10:49:42 INFO]: New best epoch, val score: -0.9468109357947123
[09/04/2025 10:49:42 INFO]: Saving model to: model_best.pth
[09/04/2025 10:52:50 INFO]: Training loss at epoch 6: 0.9622744023799896
[09/04/2025 10:53:16 INFO]: New best epoch, val score: -0.9459317384003568
[09/04/2025 10:53:16 INFO]: Saving model to: model_best.pth
[09/04/2025 10:56:25 INFO]: Training loss at epoch 7: 1.0918219685554504
[09/04/2025 10:56:50 INFO]: New best epoch, val score: -0.9451644079604574
[09/04/2025 10:56:50 INFO]: Saving model to: model_best.pth
[09/04/2025 11:00:00 INFO]: Training loss at epoch 8: 1.0308216512203217
[09/04/2025 11:00:25 INFO]: New best epoch, val score: -0.9450892556357435
[09/04/2025 11:00:25 INFO]: Saving model to: model_best.pth
[09/04/2025 11:03:34 INFO]: Training loss at epoch 9: 1.12158864736557
[09/04/2025 11:04:46 INFO]: Training accuracy: {
    "score": -0.9946878578994878,
    "rmse": 0.9946878578994878
}
[09/04/2025 11:04:46 INFO]: Val accuracy: {
    "score": -0.945313563289984,
    "rmse": 0.945313563289984
}
[09/04/2025 11:04:46 INFO]: Test accuracy: {
    "score": -0.9191600046602688,
    "rmse": 0.9191600046602688
}
[09/04/2025 11:08:20 INFO]: Training loss at epoch 10: 0.9998764395713806
[09/04/2025 11:08:45 INFO]: New best epoch, val score: -0.9413133198643242
[09/04/2025 11:08:45 INFO]: Saving model to: model_best.pth
[09/04/2025 11:11:54 INFO]: Training loss at epoch 11: 1.247469574213028
[09/04/2025 11:12:20 INFO]: New best epoch, val score: -0.9356510908408704
[09/04/2025 11:12:20 INFO]: Saving model to: model_best.pth
[09/04/2025 11:15:34 INFO]: Training loss at epoch 12: 1.0652679204940796
[09/04/2025 11:19:08 INFO]: Training loss at epoch 13: 0.9050702452659607
[09/04/2025 11:22:42 INFO]: Training loss at epoch 14: 0.9145874977111816
[09/04/2025 11:26:16 INFO]: Training loss at epoch 15: 0.9846586287021637
[09/04/2025 11:29:50 INFO]: Training loss at epoch 16: 0.9944915771484375
[09/04/2025 11:33:24 INFO]: Training loss at epoch 17: 1.0375561118125916
[09/04/2025 11:36:57 INFO]: Training loss at epoch 18: 0.8163571059703827
[09/04/2025 11:37:23 INFO]: New best epoch, val score: -0.9213950996895225
[09/04/2025 11:37:23 INFO]: Saving model to: model_best.pth
[09/04/2025 11:40:37 INFO]: Training loss at epoch 19: 0.8471634387969971
[09/04/2025 11:41:50 INFO]: Training accuracy: {
    "score": -1.0004347230263353,
    "rmse": 1.0004347230263353
}
[09/04/2025 11:41:50 INFO]: Val accuracy: {
    "score": -0.9174214428242579,
    "rmse": 0.9174214428242579
}
[09/04/2025 11:41:50 INFO]: Test accuracy: {
    "score": -0.9096174104739051,
    "rmse": 0.9096174104739051
}
[09/04/2025 11:42:15 INFO]: New best epoch, val score: -0.9174214428242579
[09/04/2025 11:42:15 INFO]: Saving model to: model_best.pth
[09/04/2025 11:45:24 INFO]: Training loss at epoch 20: 0.9911431074142456
[09/04/2025 11:48:58 INFO]: Training loss at epoch 21: 1.0414019525051117
[09/04/2025 11:52:32 INFO]: Training loss at epoch 22: 1.1304106414318085
[09/04/2025 11:56:06 INFO]: Training loss at epoch 23: 1.039015918970108
[09/04/2025 11:59:39 INFO]: Training loss at epoch 24: 0.8329609334468842
[09/04/2025 12:03:12 INFO]: Training loss at epoch 25: 0.8713057339191437
[09/04/2025 12:03:38 INFO]: New best epoch, val score: -0.9052431505004824
[09/04/2025 12:03:38 INFO]: Saving model to: model_best.pth
[09/04/2025 12:06:46 INFO]: Training loss at epoch 26: 1.184993326663971
[09/04/2025 12:07:12 INFO]: New best epoch, val score: -0.8941930997953772
[09/04/2025 12:07:12 INFO]: Saving model to: model_best.pth
[09/04/2025 12:10:20 INFO]: Training loss at epoch 27: 0.8692219853401184
[09/04/2025 12:13:54 INFO]: Training loss at epoch 28: 0.7788380682468414
[09/04/2025 12:17:28 INFO]: Training loss at epoch 29: 0.7626895606517792
[09/04/2025 12:18:40 INFO]: Training accuracy: {
    "score": -0.8974281529079551,
    "rmse": 0.8974281529079551
}
[09/04/2025 12:18:40 INFO]: Val accuracy: {
    "score": -0.9023714226128529,
    "rmse": 0.9023714226128529
}
[09/04/2025 12:18:40 INFO]: Test accuracy: {
    "score": -0.8593251958342688,
    "rmse": 0.8593251958342688
}
[09/04/2025 12:22:14 INFO]: Training loss at epoch 30: 0.7491450309753418
[09/04/2025 12:22:39 INFO]: New best epoch, val score: -0.8622441438124007
[09/04/2025 12:22:39 INFO]: Saving model to: model_best.pth
[09/04/2025 12:25:48 INFO]: Training loss at epoch 31: 0.7148503661155701
[09/04/2025 12:26:13 INFO]: New best epoch, val score: -0.8184453388368583
[09/04/2025 12:26:13 INFO]: Saving model to: model_best.pth
[09/04/2025 12:29:22 INFO]: Training loss at epoch 32: 0.7503502070903778
[09/04/2025 12:29:47 INFO]: New best epoch, val score: -0.8167073106483402
[09/04/2025 12:29:47 INFO]: Saving model to: model_best.pth
[09/04/2025 12:32:56 INFO]: Training loss at epoch 33: 0.5615136027336121
[09/04/2025 12:36:29 INFO]: Training loss at epoch 34: 0.6440418362617493
[09/04/2025 12:40:02 INFO]: Training loss at epoch 35: 0.5698066055774689
[09/04/2025 12:40:28 INFO]: New best epoch, val score: -0.8128886350776238
[09/04/2025 12:40:28 INFO]: Saving model to: model_best.pth
[09/04/2025 12:43:36 INFO]: Training loss at epoch 36: 0.5739629864692688
[09/04/2025 12:47:10 INFO]: Training loss at epoch 37: 0.5990486443042755
[09/04/2025 12:47:36 INFO]: New best epoch, val score: -0.7406540084450282
[09/04/2025 12:47:36 INFO]: Saving model to: model_best.pth
[09/04/2025 12:50:53 INFO]: Training loss at epoch 38: 0.6558921039104462
[09/04/2025 12:54:27 INFO]: Training loss at epoch 39: 0.4923238456249237
[09/04/2025 12:55:39 INFO]: Training accuracy: {
    "score": -0.7294928444201854,
    "rmse": 0.7294928444201854
}
[09/04/2025 12:55:39 INFO]: Val accuracy: {
    "score": -0.8881084597955771,
    "rmse": 0.8881084597955771
}
[09/04/2025 12:55:39 INFO]: Test accuracy: {
    "score": -0.8000025829951395,
    "rmse": 0.8000025829951395
}
[09/04/2025 12:59:13 INFO]: Training loss at epoch 40: 0.45233702659606934
[09/04/2025 13:02:47 INFO]: Training loss at epoch 41: 0.5332786738872528
[09/04/2025 13:03:13 INFO]: New best epoch, val score: -0.7192998277614797
[09/04/2025 13:03:13 INFO]: Saving model to: model_best.pth
[09/04/2025 13:06:21 INFO]: Training loss at epoch 42: 0.45937083661556244
[09/04/2025 13:06:46 INFO]: New best epoch, val score: -0.7179115155004594
[09/04/2025 13:06:46 INFO]: Saving model to: model_best.pth
[09/04/2025 13:09:55 INFO]: Training loss at epoch 43: 0.4618789106607437
[09/04/2025 13:13:29 INFO]: Training loss at epoch 44: 0.4435281753540039
[09/04/2025 13:17:03 INFO]: Training loss at epoch 45: 0.373894140124321
[09/04/2025 13:17:28 INFO]: New best epoch, val score: -0.7123121648935852
[09/04/2025 13:17:28 INFO]: Saving model to: model_best.pth
[09/04/2025 13:20:40 INFO]: Training loss at epoch 46: 0.5119476020336151
[09/04/2025 13:21:09 INFO]: New best epoch, val score: -0.7104877274804545
[09/04/2025 13:21:09 INFO]: Saving model to: model_best.pth
[09/04/2025 13:24:20 INFO]: Training loss at epoch 47: 0.3810260593891144
[09/04/2025 13:27:54 INFO]: Training loss at epoch 48: 0.5266103148460388
[09/04/2025 13:31:27 INFO]: Training loss at epoch 49: 0.46323128044605255
[09/04/2025 13:32:40 INFO]: Training accuracy: {
    "score": -0.6605344148695234,
    "rmse": 0.6605344148695234
}
[09/04/2025 13:32:40 INFO]: Val accuracy: {
    "score": -0.7283073288408481,
    "rmse": 0.7283073288408481
}
[09/04/2025 13:32:40 INFO]: Test accuracy: {
    "score": -0.7474475530599518,
    "rmse": 0.7474475530599518
}
[09/04/2025 13:36:14 INFO]: Training loss at epoch 50: 0.4032892435789108
[09/04/2025 13:39:53 INFO]: Training loss at epoch 51: 0.4056311398744583
[09/04/2025 13:43:31 INFO]: Training loss at epoch 52: 0.29196037352085114
[09/04/2025 13:43:57 INFO]: New best epoch, val score: -0.7075853344724944
[09/04/2025 13:43:57 INFO]: Saving model to: model_best.pth
[09/04/2025 13:47:10 INFO]: Training loss at epoch 53: 0.4082285314798355
[09/04/2025 13:50:47 INFO]: Training loss at epoch 54: 0.3361901044845581
[09/04/2025 13:54:20 INFO]: Training loss at epoch 55: 0.2668779715895653
[09/04/2025 13:57:53 INFO]: Training loss at epoch 56: 0.3632145971059799
[09/04/2025 13:58:18 INFO]: New best epoch, val score: -0.7046507810841054
[09/04/2025 13:58:18 INFO]: Saving model to: model_best.pth
[09/04/2025 14:01:26 INFO]: Training loss at epoch 57: 0.3026106655597687
[09/04/2025 14:04:59 INFO]: Training loss at epoch 58: 0.2972145080566406
[09/04/2025 14:08:32 INFO]: Training loss at epoch 59: 0.40127186477184296
[09/04/2025 14:09:43 INFO]: Training accuracy: {
    "score": -0.5488401620100277,
    "rmse": 0.5488401620100277
}
[09/04/2025 14:09:43 INFO]: Val accuracy: {
    "score": -0.7666882743830619,
    "rmse": 0.7666882743830619
}
[09/04/2025 14:09:43 INFO]: Test accuracy: {
    "score": -0.7089040879954557,
    "rmse": 0.7089040879954557
}
[09/04/2025 14:13:17 INFO]: Training loss at epoch 60: 0.26665204018354416
[09/04/2025 14:16:49 INFO]: Training loss at epoch 61: 0.37847357988357544
[09/04/2025 14:17:15 INFO]: New best epoch, val score: -0.6988816899955617
[09/04/2025 14:17:15 INFO]: Saving model to: model_best.pth
[09/04/2025 14:20:23 INFO]: Training loss at epoch 62: 0.2370653674006462
[09/04/2025 14:23:56 INFO]: Training loss at epoch 63: 0.313734233379364
[09/04/2025 14:27:29 INFO]: Training loss at epoch 64: 0.25024712830781937
[09/04/2025 14:31:02 INFO]: Training loss at epoch 65: 0.20634565502405167
[09/04/2025 14:34:36 INFO]: Training loss at epoch 66: 0.29872138798236847
[09/04/2025 14:38:09 INFO]: Training loss at epoch 67: 0.27047646045684814
[09/04/2025 14:41:42 INFO]: Training loss at epoch 68: 0.21914508193731308
[09/04/2025 14:45:15 INFO]: Training loss at epoch 69: 0.22308366000652313
[09/04/2025 14:46:27 INFO]: Training accuracy: {
    "score": -0.4368747121867497,
    "rmse": 0.4368747121867497
}
[09/04/2025 14:46:27 INFO]: Val accuracy: {
    "score": -0.7272628113659176,
    "rmse": 0.7272628113659176
}
[09/04/2025 14:46:27 INFO]: Test accuracy: {
    "score": -0.6982801774688927,
    "rmse": 0.6982801774688927
}
[09/04/2025 14:50:00 INFO]: Training loss at epoch 70: 0.20591454952955246
[09/04/2025 14:53:33 INFO]: Training loss at epoch 71: 0.21710769087076187
[09/04/2025 14:57:06 INFO]: Training loss at epoch 72: 0.16681372374296188
[09/04/2025 15:00:39 INFO]: Training loss at epoch 73: 0.18323364108800888
[09/04/2025 15:04:12 INFO]: Training loss at epoch 74: 0.17215420305728912
[09/04/2025 15:07:45 INFO]: Training loss at epoch 75: 0.15720444917678833
[09/04/2025 15:11:18 INFO]: Training loss at epoch 76: 0.1814325898885727
[09/04/2025 15:14:51 INFO]: Training loss at epoch 77: 0.21064170449972153
[09/04/2025 15:18:24 INFO]: Training loss at epoch 78: 0.20826667547225952
[09/04/2025 15:21:57 INFO]: Training loss at epoch 79: 0.20487987995147705
[09/04/2025 15:23:09 INFO]: Training accuracy: {
    "score": -0.3840863754231311,
    "rmse": 0.3840863754231311
}
[09/04/2025 15:23:09 INFO]: Val accuracy: {
    "score": -0.775887365547524,
    "rmse": 0.775887365547524
}
[09/04/2025 15:23:09 INFO]: Test accuracy: {
    "score": -0.6929728165781741,
    "rmse": 0.6929728165781741
}
[09/04/2025 15:26:43 INFO]: Training loss at epoch 80: 0.15689321607351303
[09/04/2025 15:30:15 INFO]: Training loss at epoch 81: 0.19305400550365448
[09/04/2025 15:33:49 INFO]: Training loss at epoch 82: 0.1277361735701561
[09/04/2025 15:37:22 INFO]: Training loss at epoch 83: 0.1724753901362419
[09/04/2025 15:40:55 INFO]: Training loss at epoch 84: 0.1673344150185585
[09/04/2025 15:44:29 INFO]: Training loss at epoch 85: 0.1429618075489998
[09/04/2025 15:48:02 INFO]: Training loss at epoch 86: 0.1310555897653103
[09/04/2025 15:51:35 INFO]: Training loss at epoch 87: 0.15496598929166794
[09/04/2025 15:55:09 INFO]: Training loss at epoch 88: 0.11350414901971817
[09/04/2025 15:58:42 INFO]: Training loss at epoch 89: 0.13899079710245132
[09/04/2025 15:59:54 INFO]: Training accuracy: {
    "score": -0.3342589507959777,
    "rmse": 0.3342589507959777
}
[09/04/2025 15:59:54 INFO]: Val accuracy: {
    "score": -0.8152235849590413,
    "rmse": 0.8152235849590413
}
[09/04/2025 15:59:54 INFO]: Test accuracy: {
    "score": -0.7018723057279042,
    "rmse": 0.7018723057279042
}
[09/04/2025 16:03:27 INFO]: Training loss at epoch 90: 0.125897865742445
[09/04/2025 16:07:01 INFO]: Training loss at epoch 91: 0.11536706238985062
[09/04/2025 16:10:34 INFO]: Training loss at epoch 92: 0.141032412648201
[09/04/2025 16:10:59 INFO]: Running Final Evaluation...
[09/04/2025 16:12:26 INFO]: Training accuracy: {
    "score": -0.5124658796986596,
    "rmse": 0.5124658796986596
}
[09/04/2025 16:12:26 INFO]: Val accuracy: {
    "score": -0.6988816899955617,
    "rmse": 0.6988816899955617
}
[09/04/2025 16:12:26 INFO]: Test accuracy: {
    "score": -0.69324247960333,
    "rmse": 0.69324247960333
}
[09/04/2025 16:12:26 INFO]: {
    "dataset": "ic_upstream2_Imputation_Gaussian_exp_100_1",
    "model_name": "ft_transformer",
    "run_id": "gumptious-Lannis",
    "best_epoch": 61,
    "routine": "from_scratch",
    "test_stats": {
        "score": -0.69324247960333,
        "rmse": 0.69324247960333
    },
    "train_stats": {
        "score": -0.5124658796986596,
        "rmse": 0.5124658796986596
    },
    "val_stats": {
        "score": -0.6988816899955617,
        "rmse": 0.6988816899955617
    }
}
